// Vitest Snapshot v1, https://vitest.dev/guide/snapshot.html

exports[`single Notify route pin > in scope, with and without force 1`] = `
{
  "bodies": [
    {
      "data": {
        "sent": true,
      },
      "success": true,
    },
    {
      "data": {
        "sent": true,
      },
      "success": true,
    },
    {
      "message": "This conversation belongs to another branch",
      "success": false,
    },
  ],
  "calls": [
    [
      "lead-noida",
      {
        "actor": "u1",
        "force": false,
        "manual": true,
      },
    ],
    [
      "lead-noida",
      {
        "actor": "u1",
        "force": true,
        "manual": true,
      },
    ],
  ],
  "statuses": [
    200,
    200,
    403,
  ],
}
`;
