// Vitest Snapshot v1, https://vitest.dev/guide/snapshot.html

exports[`legacy Notify statements pin (end-date switch off) > every statement, in order 1`] = `
{
  "outcome": {
    "attempted": [
      "whatsapp",
      "email",
      "voice",
    ],
    "failed": [],
    "leadId": "L1",
    "skipped": [],
    "succeeded": [
      "whatsapp",
      "email",
      "voice",
    ],
  },
  "statements": [
    "SELECT ml.id, ml.parsed_name, ml.parsed_phone, ml.parsed_email, ml.screening_result, ml.notification_sent_at, ml.requisition_id, ml.campaign_id, jr.designation_name, jr.branch_name, jr.requisition_code, jr.bmi_assessment_url, jr.salary_min, jr.salary_max, jr.approval_status, jr.active_status, jr.closed_at, jr.requested_headcount, jr.fulfilled_headcount, ml.parsed_location, ac.current_address, ac.permanent_address, bm.state AS branch_state, bm.address AS branch_address, bm.city AS branch_city, bm.latitude AS branch_lat, bm.longitude AS branch_lng FROM meta_lead_raw ml LEFT JOIN job_requisition jr ON jr.id = ml.requisition_id LEFT JOIN branch_master bm ON bm.branch_name = jr.branch_name AND bm.active_status = 1 LEFT JOIN ats_candidate ac ON ac.id = ml.ats_candidate_id WHERE ml.id = ? LIMIT 1",
    "SELECT param_key, value FROM he_model_param WHERE param_key LIKE 'policy.email_buttons.%'",
    "SELECT setting_key, setting_value FROM org_settings WHERE setting_key IN (?, ?)",
    "UPDATE meta_lead_raw SET voice_call_status = 'triggered', voice_called_at = NOW() WHERE id = ?",
    "UPDATE meta_lead_raw SET notification_sent_at = NOW(), notification_channels = ? WHERE id = ?",
  ],
}
`;

exports[`legacy Notify statements pin (end-date switch off) > force does not change the statements before the send 1`] = `
[
  "SELECT ml.id, ml.parsed_name, ml.parsed_phone, ml.parsed_email, ml.screening_result, ml.notification_sent_at, ml.requisition_id, ml.campaign_id, jr.designation_name, jr.branch_name, jr.requisition_code, jr.bmi_assessment_url, jr.salary_min, jr.salary_max, jr.approval_status, jr.active_status, jr.closed_at, jr.requested_headcount, jr.fulfilled_headcount, ml.parsed_location, ac.current_address, ac.permanent_address, bm.state AS branch_state, bm.address AS branch_address, bm.city AS branch_city, bm.latitude AS branch_lat, bm.longitude AS branch_lng FROM meta_lead_raw ml LEFT JOIN job_requisition jr ON jr.id = ml.requisition_id LEFT JOIN branch_master bm ON bm.branch_name = jr.branch_name AND bm.active_status = 1 LEFT JOIN ats_candidate ac ON ac.id = ml.ats_candidate_id WHERE ml.id = ? LIMIT 1",
  "SELECT param_key, value FROM he_model_param WHERE param_key LIKE 'policy.email_buttons.%'",
  "SELECT setting_key, setting_value FROM org_settings WHERE setting_key IN (?, ?)",
  "UPDATE meta_lead_raw SET voice_call_status = 'triggered', voice_called_at = NOW() WHERE id = ?",
  "UPDATE meta_lead_raw SET notification_sent_at = NOW(), notification_channels = ? WHERE id = ?",
]
`;
